SignablePayload {
    fields: [
        TextV2 {
            common: SignablePayloadFieldCommon {
                fallback_text: "Polygon Mainnet",
                label: "Network",
            },
            text_v2: SignablePayloadFieldTextV2 {
                text: "Polygon Mainnet",
            },
        },
        TextV2 {
            common: SignablePayloadFieldCommon {
                fallback_text: "0x33c6Eec1723B12c46732f7AB41398DE45641Fa42",
                label: "Interacting with",
            },
            text_v2: SignablePayloadFieldTextV2 {
                text: "ParaSwap: AugustusSwapper 5",
            },
        },
        TextV2 {
            common: SignablePayloadFieldCommon {
                fallback_text: "simpleBuy",
                label: "Function",
            },
            text_v2: SignablePayloadFieldTextV2 {
                text: "simpleBuy",
            },
        },
        AmountV2 {
            amount_v2: SignablePayloadFieldAmountV2 {
                amount: "1",
                asset: Some(
                    Asset {
                        address: "0xc2132d05d31c914a87c6611c10748aeb04b58e8f",
                        chain_id: "137",
                        decimals: 6,
                        logo_uri: None,
                        name: "Tether USD",
                        symbol: "USDT",
                    },
                ),
            },
            common: SignablePayloadFieldCommon {
                fallback_text: "1 USDT",
                label: "You send",
            },
        },
        AmountV2 {
            amount_v2: SignablePayloadFieldAmountV2 {
                amount: "0.994251",
                asset: Some(
                    Asset {
                        address: "0x2791bca1f2de4661ed88a30c99a7a9449aa84174",
                        chain_id: "137",
                        decimals: 6,
                        logo_uri: None,
                        name: "USD Coin (PoS)",
                        symbol: "USDC",
                    },
                ),
            },
            common: SignablePayloadFieldCommon {
                fallback_text: "0.994251 USDC",
                label: "You receive at least",
            },
        },
    ],
    payload_type: "EthereumTx",
    subtitle: Some(
        "ParaSwap",
    ),
    title: "Swap",
    version: "0",
}
