SignablePayload {
    fields: [
        TextV2 {
            common: SignablePayloadFieldCommon {
                fallback_text: "BNB Smart Chain Mainnet",
                label: "Network",
            },
            text_v2: SignablePayloadFieldTextV2 {
                text: "BNB Smart Chain Mainnet",
            },
        },
        TextV2 {
            common: SignablePayloadFieldCommon {
                fallback_text: "0xDEF171Fe48CF0115B1d80b88dc8eAB59176FEe57",
                label: "To",
            },
            text_v2: SignablePayloadFieldTextV2 {
                text: "0xDEF171Fe48CF0115B1d80b88dc8eAB59176FEe57",
            },
        },
        TextV2 {
            common: SignablePayloadFieldCommon {
                fallback_text: "0 ETH",
                label: "Value",
            },
            text_v2: SignablePayloadFieldTextV2 {
                text: "0 ETH",
            },
        },
        TextV2 {
            common: SignablePayloadFieldCommon {
                fallback_text: "2000000",
                label: "Gas Limit",
            },
            text_v2: SignablePayloadFieldTextV2 {
                text: "2000000",
            },
        },
        TextV2 {
            common: SignablePayloadFieldCommon {
                fallback_text: "0.00000000010000001 ETH",
                label: "Gas Price",
            },
            text_v2: SignablePayloadFieldTextV2 {
                text: "0.00000000010000001 ETH",
            },
        },
        TextV2 {
            common: SignablePayloadFieldCommon {
                fallback_text: "133706",
                label: "Nonce",
            },
            text_v2: SignablePayloadFieldTextV2 {
                text: "133706",
            },
        },
        ListLayout {
            common: SignablePayloadFieldCommon {
                fallback_text: "Decoded 3 field(s)",
                label: "Decoded Input",
            },
            list_layout: SignablePayloadFieldListLayout {
                fields: [
                    AnnotatedPayloadField {
                        signable_payload_field: AmountV2 {
                            common: SignablePayloadFieldCommon {
                                fallback_text: "0x0000000000000000000000000000000000000000000000000000000000000020",
                                label: "Amount to Send",
                            },
                            amount_v2: SignablePayloadFieldAmountV2 {
                                amount: "0x0000000000000000000000000000000000000000000000000000000000000020",
                                abbreviation: None,
                            },
                        },
                        static_annotation: None,
                        dynamic_annotation: None,
                    },
                    AnnotatedPayloadField {
                        signable_payload_field: AmountV2 {
                            common: SignablePayloadFieldCommon {
                                fallback_text: "0x55d398326f99059ff775485246999027b3197955",
                                label: "Minimum to Receive",
                            },
                            amount_v2: SignablePayloadFieldAmountV2 {
                                amount: "0x55d398326f99059ff775485246999027b3197955",
                                abbreviation: None,
                            },
                        },
                        static_annotation: None,
                        dynamic_annotation: None,
                    },
                    AnnotatedPayloadField {
                        signable_payload_field: AddressV2 {
                            common: SignablePayloadFieldCommon {
                                fallback_text: "0x0000000000000000000000008ac76a51cc950d9822d68b83fe1ad97b32cd580d",
                                label: "Beneficiary",
                            },
                            address_v2: SignablePayloadFieldAddressV2 {
                                address: "0x0000000000000000000000008ac76a51cc950d9822d68b83fe1ad97b32cd580d",
                                name: "",
                                memo: None,
                                asset_label: "",
                                badge_text: None,
                            },
                        },
                        static_annotation: None,
                        dynamic_annotation: None,
                    },
                ],
            },
        },
    ],
    payload_type: "EthereumTx",
    subtitle: None,
    title: "Ethereum Transaction",
    version: "0",
}
