SignablePayload {
    fields: [
        TextV2 {
            common: SignablePayloadFieldCommon {
                fallback_text: "Ethereum Mainnet",
                label: "Network",
            },
            text_v2: SignablePayloadFieldTextV2 {
                text: "Ethereum Mainnet",
            },
        },
        Address {
            common: SignablePayloadFieldCommon {
                fallback_text: "0x66a9893cC07D91D95644AEDD05D03f95e1dBA8Af",
                label: "To",
            },
            address: SignablePayloadFieldAddress {
                address: "0x66a9893cC07D91D95644AEDD05D03f95e1dBA8Af",
                name: "To",
            },
        },
        AmountV2 {
            common: SignablePayloadFieldCommon {
                fallback_text: "0.005 ETH",
                label: "Value",
            },
            amount_v2: SignablePayloadFieldAmountV2 {
                amount: "0.005",
                abbreviation: Some(
                    "ETH",
                ),
            },
        },
        TextV2 {
            common: SignablePayloadFieldCommon {
                fallback_text: "262716",
                label: "Gas Limit",
            },
            text_v2: SignablePayloadFieldTextV2 {
                text: "262716",
            },
        },
        TextV2 {
            common: SignablePayloadFieldCommon {
                fallback_text: "1.767030437 gwei",
                label: "Gas Price",
            },
            text_v2: SignablePayloadFieldTextV2 {
                text: "1.767030437 gwei",
            },
        },
        TextV2 {
            common: SignablePayloadFieldCommon {
                fallback_text: "1.264743777 gwei",
                label: "Max Priority Fee Per Gas",
            },
            text_v2: SignablePayloadFieldTextV2 {
                text: "1.264743777 gwei",
            },
        },
        TextV2 {
            common: SignablePayloadFieldCommon {
                fallback_text: "562",
                label: "Nonce",
            },
            text_v2: SignablePayloadFieldTextV2 {
                text: "562",
            },
        },
        TextV2 {
            common: SignablePayloadFieldCommon {
                fallback_text: "Universal Router Execute: 4 commands ([WrapEth, V2SwapExactIn, PayPortion, Sweep]), deadline 2025-07-24 21:15:28 UTC",
                label: "Universal Router",
            },
            text_v2: SignablePayloadFieldTextV2 {
                text: "Commands: [WrapEth, V2SwapExactIn, PayPortion, Sweep]\nDeadline: 2025-07-24 21:15:28 UTC",
            },
        },
    ],
    payload_type: "EthereumTx",
    subtitle: None,
    title: "Ethereum Transaction",
    version: "0",
}
