SignablePayload {
    fields: [
        TextV2 {
            common: SignablePayloadFieldCommon {
                fallback_text: "Ethereum Mainnet",
                label: "Network",
            },
            text_v2: SignablePayloadFieldTextV2 {
                text: "Ethereum Mainnet",
            },
        },
        Address {
            common: SignablePayloadFieldCommon {
                fallback_text: "0x66a9893cC07D91D95644AEDD05D03f95e1dBA8Af",
                label: "To",
            },
            address: SignablePayloadFieldAddress {
                address: "0x66a9893cC07D91D95644AEDD05D03f95e1dBA8Af",
                name: "To",
            },
        },
        AmountV2 {
            common: SignablePayloadFieldCommon {
                fallback_text: "0.005 ETH",
                label: "Value",
            },
            amount_v2: SignablePayloadFieldAmountV2 {
                amount: "0.005",
                abbreviation: Some(
                    "ETH",
                ),
            },
        },
        TextV2 {
            common: SignablePayloadFieldCommon {
                fallback_text: "262716",
                label: "Gas Limit",
            },
            text_v2: SignablePayloadFieldTextV2 {
                text: "262716",
            },
        },
        TextV2 {
            common: SignablePayloadFieldCommon {
                fallback_text: "1.767030437 gwei",
                label: "Gas Price",
            },
            text_v2: SignablePayloadFieldTextV2 {
                text: "1.767030437 gwei",
            },
        },
        TextV2 {
            common: SignablePayloadFieldCommon {
                fallback_text: "1.264743777 gwei",
                label: "Max Priority Fee Per Gas",
            },
            text_v2: SignablePayloadFieldTextV2 {
                text: "1.264743777 gwei",
            },
        },
        TextV2 {
            common: SignablePayloadFieldCommon {
                fallback_text: "562",
                label: "Nonce",
            },
            text_v2: SignablePayloadFieldTextV2 {
                text: "562",
            },
        },
        PreviewLayout {
            common: SignablePayloadFieldCommon {
                fallback_text: "Universal Router Execute: 4 commands ([WrapEth, V2SwapExactIn, PayPortion, Sweep]), deadline 2025-07-24 21:15:28 UTC",
                label: "Universal Router",
            },
            preview_layout: SignablePayloadFieldPreviewLayout {
                title: Some(
                    SignablePayloadFieldTextV2 {
                        text: "Universal Router Execute",
                    },
                ),
                subtitle: Some(
                    SignablePayloadFieldTextV2 {
                        text: "4 commands, deadline 2025-07-24 21:15:28 UTC",
                    },
                ),
                condensed: None,
                expanded: Some(
                    SignablePayloadFieldListLayout {
                        fields: [
                            AnnotatedPayloadField {
                                signable_payload_field: PreviewLayout {
                                    common: SignablePayloadFieldCommon {
                                        fallback_text: "WrapEth input: 0x00000000000000000000000000000000000000000000000000000000000000020000000000000000000000000000000000000000000000000011c37937e08000",
                                        label: "Command 1",
                                    },
                                    preview_layout: SignablePayloadFieldPreviewLayout {
                                        title: Some(
                                            SignablePayloadFieldTextV2 {
                                                text: "WrapEth",
                                            },
                                        ),
                                        subtitle: Some(
                                            SignablePayloadFieldTextV2 {
                                                text: "Input: 0x00000000000000000000000000000000000000000000000000000000000000020000000000000000000000000000000000000000000000000011c37937e08000",
                                            },
                                        ),
                                        condensed: None,
                                        expanded: None,
                                    },
                                },
                                static_annotation: None,
                                dynamic_annotation: None,
                            },
                            AnnotatedPayloadField {
                                signable_payload_field: PreviewLayout {
                                    common: SignablePayloadFieldCommon {
                                        fallback_text: "V2SwapExactIn input: 0x00000000000000000000000000000000000000000000000000000000000000020000000000000000000000000000000000000000000000000011c37937e08000000000000000000000000000000000000000000000000000000000000000000000000000000000000000000000000000000000000000000000000000000000a000000000000000000000000000000000000000000000000000000000000000000000000000000000000000000000000000000000000000000000000000000002000000000000000000000000c02aaa39b223fe8d0a0e5c4f27ead9083c756cc2000000000000000000000000b1137b9ce6db98312bc9dcb3a8a41eb3d212776f",
                                        label: "Command 2",
                                    },
                                    preview_layout: SignablePayloadFieldPreviewLayout {
                                        title: Some(
                                            SignablePayloadFieldTextV2 {
                                                text: "V2SwapExactIn",
                                            },
                                        ),
                                        subtitle: Some(
                                            SignablePayloadFieldTextV2 {
                                                text: "Input: 0x00000000000000000000000000000000000000000000000000000000000000020000000000000000000000000000000000000000000000000011c37937e08000000000000000000000000000000000000000000000000000000000000000000000000000000000000000000000000000000000000000000000000000000000a000000000000000000000000000000000000000000000000000000000000000000000000000000000000000000000000000000000000000000000000000000002000000000000000000000000c02aaa39b223fe8d0a0e5c4f27ead9083c756cc2000000000000000000000000b1137b9ce6db98312bc9dcb3a8a41eb3d212776f",
                                            },
                                        ),
                                        condensed: None,
                                        expanded: None,
                                    },
                                },
                                static_annotation: None,
                                dynamic_annotation: None,
                            },
                            AnnotatedPayloadField {
                                signable_payload_field: PreviewLayout {
                                    common: SignablePayloadFieldCommon {
                                        fallback_text: "PayPortion input: 0x000000000000000000000000b1137b9ce6db98312bc9dcb3a8a41eb3d212776f000000000000000000000000000000fee13a103a10d593b9ae06b3e05f2e7e1c0000000000000000000000000000000000000000000000000000000000000019",
                                        label: "Command 3",
                                    },
                                    preview_layout: SignablePayloadFieldPreviewLayout {
                                        title: Some(
                                            SignablePayloadFieldTextV2 {
                                                text: "PayPortion",
                                            },
                                        ),
                                        subtitle: Some(
                                            SignablePayloadFieldTextV2 {
                                                text: "Input: 0x000000000000000000000000b1137b9ce6db98312bc9dcb3a8a41eb3d212776f000000000000000000000000000000fee13a103a10d593b9ae06b3e05f2e7e1c0000000000000000000000000000000000000000000000000000000000000019",
                                            },
                                        ),
                                        condensed: None,
                                        expanded: None,
                                    },
                                },
                                static_annotation: None,
                                dynamic_annotation: None,
                            },
                            AnnotatedPayloadField {
                                signable_payload_field: PreviewLayout {
                                    common: SignablePayloadFieldCommon {
                                        fallback_text: "Sweep input: 0x000000000000000000000000b1137b9ce6db98312bc9dcb3a8a41eb3d212776f0000000000000000000000006b95d095598e1a080cb62e8ccd99dd64853f1b9900000000000000000000000000000000000000000000000000000e2ab638514b",
                                        label: "Command 4",
                                    },
                                    preview_layout: SignablePayloadFieldPreviewLayout {
                                        title: Some(
                                            SignablePayloadFieldTextV2 {
                                                text: "Sweep",
                                            },
                                        ),
                                        subtitle: Some(
                                            SignablePayloadFieldTextV2 {
                                                text: "Input: 0x000000000000000000000000b1137b9ce6db98312bc9dcb3a8a41eb3d212776f0000000000000000000000006b95d095598e1a080cb62e8ccd99dd64853f1b9900000000000000000000000000000000000000000000000000000e2ab638514b",
                                            },
                                        ),
                                        condensed: None,
                                        expanded: None,
                                    },
                                },
                                static_annotation: None,
                                dynamic_annotation: None,
                            },
                            AnnotatedPayloadField {
                                signable_payload_field: TextV2 {
                                    common: SignablePayloadFieldCommon {
                                        fallback_text: "2025-07-24 21:15:28 UTC",
                                        label: "Deadline",
                                    },
                                    text_v2: SignablePayloadFieldTextV2 {
                                        text: "2025-07-24 21:15:28 UTC",
                                    },
                                },
                                static_annotation: None,
                                dynamic_annotation: None,
                            },
                        ],
                    },
                ),
            },
        },
    ],
    payload_type: "EthereumTx",
    subtitle: None,
    title: "Ethereum Transaction",
    version: "0",
}
