{"Fields":[{"FallbackText":"Unknown Network","Label":"Network","TextV2":{"Text":"Unknown Network"},"Type":"text_v2"},{"AddressV2":{"Address":"0x2910543Af39abA0Cd09dBb2D50200b3E800A63D2","AssetLabel":"Test Asset","Name":"To"},"FallbackText":"0x2910543Af39abA0Cd09dBb2D50200b3E800A63D2","Label":"To","Type":"address_v2"},{"AmountV2":{"Abbreviation":"ETH","Amount":"5909.9"},"FallbackText":"5909.9 ETH","Label":"Value","Type":"amount_v2"},{"FallbackText":"50000","Label":"Gas Limit","TextV2":{"Text":"50000"},"Type":"text_v2"},{"FallbackText":"1171.602790622 gwei","Label":"Gas Price","TextV2":{"Text":"1171.602790622 gwei"},"Type":"text_v2"},{"FallbackText":"0","Label":"Nonce","TextV2":{"Text":"0"},"Type":"text_v2"},{"FallbackText":"0x454e354d5154544630","Label":"Contract Call Data","TextV2":{"Text":"0x454e354d5154544630"},"Type":"text_v2"}],"PayloadType":"EthereumTx","Title":"Ethereum Transaction","Version":"0"}
